### docker compose down -v
 Container comments-spa-web Stopping 
 Container comments-spa-web Stopped 
 Container comments-spa-web Removing 
 Container comments-spa-web Removed 
 Container comments-spa-api Stopping 
 Container comments-spa-api Stopped 
 Container comments-spa-api Removing 
 Container comments-spa-api Removed 
 Container comments-spa-redis Stopping 
 Container comments-spa-elasticsearch Stopping 
 Container comments-spa-postgres Stopping 
 Container comments-spa-rabbitmq Stopping 
 Container comments-spa-redis Stopped 
 Container comments-spa-redis Removing 
 Container comments-spa-redis Removed 
 Container comments-spa-postgres Stopped 
 Container comments-spa-postgres Removing 
 Container comments-spa-rabbitmq Stopped 
 Container comments-spa-rabbitmq Removing 
 Container comments-spa-elasticsearch Stopped 
 Container comments-spa-elasticsearch Removing 
 Container comments-spa-postgres Removed 
 Container comments-spa-rabbitmq Removed 
 Container comments-spa-elasticsearch Removed 
 Volume comments-spa-elasticsearch-data Removing 
 Volume comments-spa-api-storage Removing 
 Volume comments-spa-redis-data Removing 
 Volume comments-spa-rabbitmq-data Removing 
 Volume comments-spa-postgres-data Removing 
 Network comments-spa-net Removing 
 Volume comments-spa-elasticsearch-data Removed 
 Volume comments-spa-api-storage Removed 
 Volume comments-spa-redis-data Removed 
 Volume comments-spa-postgres-data Removed 
 Volume comments-spa-rabbitmq-data Removed 
 Network comments-spa-net Removed 
### docker compose up --build -d
 Image comments-spa-api:local Building 
 Image comments-spa-web:local Building 
#1 [internal] load local bake definitions
#1 reading from stdin 1.00kB done
#1 DONE 0.0s

#2 [api internal] load build definition from Dockerfile
#2 transferring dockerfile: 2.61kB done
#2 DONE 0.6s

#3 [web internal] load build definition from Dockerfile
#3 transferring dockerfile: 1.62kB done
#3 DONE 0.8s

#4 [api] resolve image config for docker-image://docker.io/docker/dockerfile:1
#4 DONE 1.7s

#5 [web] docker-image://docker.io/docker/dockerfile:1@sha256:4edf897a3ffa55b89f906fc8cc78afdb3f1834cc9c7083565e611a8a7d5fe99e
#5 resolve docker.io/docker/dockerfile:1@sha256:4edf897a3ffa55b89f906fc8cc78afdb3f1834cc9c7083565e611a8a7d5fe99e
#5 resolve docker.io/docker/dockerfile:1@sha256:4edf897a3ffa55b89f906fc8cc78afdb3f1834cc9c7083565e611a8a7d5fe99e 0.5s done
#5 resolve docker.io/docker/dockerfile:1@sha256:4edf897a3ffa55b89f906fc8cc78afdb3f1834cc9c7083565e611a8a7d5fe99e 0.5s done
#5 CACHED

#6 [web internal] load metadata for docker.io/library/nginx:alpine
#6 DONE 2.8s

#7 [api internal] load metadata for mcr.microsoft.com/dotnet/sdk:10.0
#7 DONE 2.7s

#8 [api internal] load metadata for mcr.microsoft.com/dotnet/aspnet:10.0
#8 DONE 2.8s

#9 [web internal] load metadata for docker.io/library/node:22-alpine
#9 DONE 3.2s

#10 [api internal] load .dockerignore
#10 transferring context: 762B done
#10 DONE 0.7s

#11 [web internal] load .dockerignore
#11 transferring context: 367B done
#11 DONE 1.5s

#12 [api internal] load build context
#12 DONE 0.0s

#13 [api runtime 1/5] FROM mcr.microsoft.com/dotnet/aspnet:10.0@sha256:222759b391a1aaf241166672c8f99b2d4ada452e7b5319f3c6e8f265a37b5ad4
#13 resolve mcr.microsoft.com/dotnet/aspnet:10.0@sha256:222759b391a1aaf241166672c8f99b2d4ada452e7b5319f3c6e8f265a37b5ad4
#13 ...

#14 [web internal] load build context
#14 DONE 0.0s

#15 [web runtime 1/5] FROM docker.io/library/nginx:alpine@sha256:df221db836e1754089190208cee7eeda94f233197056426eda74a43ab1abeac2
#15 resolve docker.io/library/nginx:alpine@sha256:df221db836e1754089190208cee7eeda94f233197056426eda74a43ab1abeac2
#15 ...

#13 [api runtime 1/5] FROM mcr.microsoft.com/dotnet/aspnet:10.0@sha256:222759b391a1aaf241166672c8f99b2d4ada452e7b5319f3c6e8f265a37b5ad4
#13 resolve mcr.microsoft.com/dotnet/aspnet:10.0@sha256:222759b391a1aaf241166672c8f99b2d4ada452e7b5319f3c6e8f265a37b5ad4 2.1s done
#13 DONE 2.2s

#16 [api build 1/9] FROM mcr.microsoft.com/dotnet/sdk:10.0@sha256:e70cdb7f80b0348f5cb85f19a8f670fca061f033d57eed12fa003d58b0e06317
#16 resolve mcr.microsoft.com/dotnet/sdk:10.0@sha256:e70cdb7f80b0348f5cb85f19a8f670fca061f033d57eed12fa003d58b0e06317 2.0s done
#16 DONE 2.3s

#12 [api internal] load build context
#12 transferring context: 30.68kB 0.0s done
#12 DONE 0.8s

#17 [web build 1/8] FROM docker.io/library/node:22-alpine@sha256:0a7108bf6c7bf5de370ffb1a3ed6be93d405b43ff159f681a8d18c0e2bc2e402
#17 resolve docker.io/library/node:22-alpine@sha256:0a7108bf6c7bf5de370ffb1a3ed6be93d405b43ff159f681a8d18c0e2bc2e402
#17 ...

#15 [web runtime 1/5] FROM docker.io/library/nginx:alpine@sha256:df221db836e1754089190208cee7eeda94f233197056426eda74a43ab1abeac2
#15 resolve docker.io/library/nginx:alpine@sha256:df221db836e1754089190208cee7eeda94f233197056426eda74a43ab1abeac2 2.3s done
#15 DONE 2.6s

#17 [web build 1/8] FROM docker.io/library/node:22-alpine@sha256:0a7108bf6c7bf5de370ffb1a3ed6be93d405b43ff159f681a8d18c0e2bc2e402
#17 resolve docker.io/library/node:22-alpine@sha256:0a7108bf6c7bf5de370ffb1a3ed6be93d405b43ff159f681a8d18c0e2bc2e402 2.4s done
#17 DONE 2.8s

#14 [web internal] load build context
#14 ...

#18 [api build 5/9] COPY src/Backend/Comments.Infrastructure/Comments.Infrastructure.csproj src/Backend/Comments.Infrastructure/
#18 CACHED

#19 [api build 6/9] COPY src/Backend/Comments.Api/Comments.Api.csproj src/Backend/Comments.Api/
#19 CACHED

#20 [api build 2/9] WORKDIR /src
#20 CACHED

#21 [api build 3/9] COPY src/Backend/Comments.Domain/Comments.Domain.csproj src/Backend/Comments.Domain/
#21 CACHED

#22 [api build 4/9] COPY src/Backend/Comments.Application/Comments.Application.csproj src/Backend/Comments.Application/
#22 CACHED

#23 [api build 7/9] RUN dotnet restore src/Backend/Comments.Api/Comments.Api.csproj
#23 CACHED

#14 [web internal] load build context
#14 transferring context: 1.67kB done
#14 DONE 0.8s

#24 [api build 8/9] COPY src/Backend/ src/Backend/
#24 ...

#25 [web build 3/8] COPY package.json package-lock.json ./
#25 CACHED

#26 [web build 2/8] WORKDIR /app
#26 CACHED

#27 [web build 6/8] COPY public ./public
#27 CACHED

#28 [web build 8/8] RUN npx ng build --configuration production
#28 CACHED

#29 [web runtime 2/5] COPY nginx.conf /etc/nginx/conf.d/default.conf
#29 CACHED

#30 [web build 7/8] COPY src ./src
#30 CACHED

#31 [web runtime 4/5] COPY --from=build /app/dist/comments-spa/browser /usr/share/nginx/html
#31 CACHED

#32 [web runtime 3/5] RUN chmod 644 /etc/nginx/conf.d/default.conf
#32 CACHED

#33 [web build 4/8] RUN npm ci --no-audit --no-fund
#33 CACHED

#34 [web build 5/8] COPY angular.json tsconfig.json tsconfig.app.json ./
#34 CACHED

#35 [web runtime 5/5] RUN chmod -R a+rX /usr/share/nginx/html && chown -R nginx:nginx /usr/share/nginx/html
#35 CACHED

#24 [api build 8/9] COPY src/Backend/ src/Backend/
#24 DONE 1.9s

#36 [web] exporting to image
#36 exporting layers 0.0s done
#36 exporting manifest sha256:b5f313297c98d4b37981c7956b11e3aa9c2e93a1fd76e4835a65bced71b79505
#36 exporting manifest sha256:b5f313297c98d4b37981c7956b11e3aa9c2e93a1fd76e4835a65bced71b79505 0.2s done
#36 exporting config sha256:f52836eac1a7d20a337a26b596094ba845d410e0acd33b8d537996f92073c726
#36 exporting config sha256:f52836eac1a7d20a337a26b596094ba845d410e0acd33b8d537996f92073c726 0.1s done
#36 exporting attestation manifest sha256:b9cad00b96f8a006fcc3bc8c01706e70eb15c456e0ad5999f228c729887867fe
#36 exporting attestation manifest sha256:b9cad00b96f8a006fcc3bc8c01706e70eb15c456e0ad5999f228c729887867fe 1.8s done
#36 exporting manifest list sha256:d1039d65e8dd6b7aac95116b3d5e7be35ff46bcb8cc60acfbc5c5a64f941896a
#36 exporting manifest list sha256:d1039d65e8dd6b7aac95116b3d5e7be35ff46bcb8cc60acfbc5c5a64f941896a 0.7s done
#36 naming to docker.io/library/comments-spa-web:local
#36 naming to docker.io/library/comments-spa-web:local 0.1s done
#36 unpacking to docker.io/library/comments-spa-web:local
#36 unpacking to docker.io/library/comments-spa-web:local 0.3s done
#36 DONE 4.3s

#37 [api build 9/9] RUN dotnet publish src/Backend/Comments.Api/Comments.Api.csproj       -c Release       -o /app/publish       /p:UseAppHost=false       --no-restore
#37 ...

#38 [web] resolving provenance for metadata file
#38 DONE 0.0s

#37 [api build 9/9] RUN dotnet publish src/Backend/Comments.Api/Comments.Api.csproj       -c Release       -o /app/publish       /p:UseAppHost=false       --no-restore
#37 9.098   Comments.Domain -> /src/src/Backend/Comments.Domain/bin/Release/net10.0/Comments.Domain.dll
#37 10.07   Comments.Application -> /src/src/Backend/Comments.Application/bin/Release/net10.0/Comments.Application.dll
#37 11.25   Comments.Infrastructure -> /src/src/Backend/Comments.Infrastructure/bin/Release/net10.0/Comments.Infrastructure.dll
#37 12.43   Comments.Api -> /src/src/Backend/Comments.Api/bin/Release/net10.0/Comments.Api.dll
#37 12.48   Comments.Api -> /app/publish/
#37 DONE 15.0s

#39 [api runtime 2/5] RUN apt-get update  && apt-get install -y --no-install-recommends curl  && rm -rf /var/lib/apt/lists/*
#39 CACHED

#40 [api runtime 3/5] WORKDIR /app
#40 CACHED

#41 [api runtime 4/5] COPY --chown=app:app --from=build /app/publish .
#41 DONE 2.7s

#42 [api runtime 5/5] RUN mkdir -p /app/storage  && chown -R app:app /app  && chmod -R u+rwX,go+rX /app
#42 DONE 8.1s

#43 [api] exporting to image
#43 exporting layers
#43 exporting layers 5.3s done
#43 exporting manifest sha256:862c093d12122b17faa731631fabca7d29671f7cd96133cb93fa84987cd2a280
#43 exporting manifest sha256:862c093d12122b17faa731631fabca7d29671f7cd96133cb93fa84987cd2a280 0.5s done
#43 exporting config sha256:e5ae7f50ee93a108b016bcae0782eb7690464f47db57e6623e30886c79669a02
#43 exporting config sha256:e5ae7f50ee93a108b016bcae0782eb7690464f47db57e6623e30886c79669a02 0.6s done
#43 exporting attestation manifest sha256:4f57d2915cec5976adf4219a7f46ed5f23877f75c39aa4520cedecfbd460967d
#43 exporting attestation manifest sha256:4f57d2915cec5976adf4219a7f46ed5f23877f75c39aa4520cedecfbd460967d 0.9s done
#43 exporting manifest list sha256:7531babdf94afae1c67f84c856e36cdf4550f6106c5dd241dc0011603e3dc766
#43 exporting manifest list sha256:7531babdf94afae1c67f84c856e36cdf4550f6106c5dd241dc0011603e3dc766 0.5s done
#43 naming to docker.io/library/comments-spa-api:local
#43 naming to docker.io/library/comments-spa-api:local 0.1s done
#43 unpacking to docker.io/library/comments-spa-api:local
#43 unpacking to docker.io/library/comments-spa-api:local 1.5s done
#43 DONE 10.2s

#44 [api] resolving provenance for metadata file
#44 DONE 0.0s
 Image comments-spa-api:local Built 
 Image comments-spa-web:local Built 
 Network comments-spa-net Creating 
 Network comments-spa-net Created 
 Volume comments-spa-rabbitmq-data Creating 
 Volume comments-spa-rabbitmq-data Created 
 Volume comments-spa-elasticsearch-data Creating 
 Volume comments-spa-elasticsearch-data Created 
 Volume comments-spa-postgres-data Creating 
 Volume comments-spa-postgres-data Created 
 Volume comments-spa-redis-data Creating 
 Volume comments-spa-redis-data Created 
 Volume comments-spa-api-storage Creating 
 Volume comments-spa-api-storage Created 
 Container comments-spa-redis Creating 
 Container comments-spa-rabbitmq Creating 
 Container comments-spa-elasticsearch Creating 
 Container comments-spa-postgres Creating 
 Container comments-spa-elasticsearch Created 
 Container comments-spa-redis Created 
 Container comments-spa-postgres Created 
 Container comments-spa-rabbitmq Created 
 Container comments-spa-api Creating 
 Container comments-spa-api Created 
 Container comments-spa-web Creating 
 Container comments-spa-web Created 
 Container comments-spa-postgres Starting 
 Container comments-spa-redis Starting 
 Container comments-spa-rabbitmq Starting 
 Container comments-spa-elasticsearch Starting 
 Container comments-spa-postgres Started 
 Container comments-spa-elasticsearch Started 
 Container comments-spa-redis Started 
 Container comments-spa-rabbitmq Started 
 Container comments-spa-postgres Waiting 
 Container comments-spa-redis Waiting 
 Container comments-spa-rabbitmq Waiting 
 Container comments-spa-elasticsearch Waiting 
 Container comments-spa-redis Healthy 
 Container comments-spa-postgres Healthy 
 Container comments-spa-rabbitmq Error dependency rabbitmq failed to start
dependency failed to start: container comments-spa-rabbitmq is unhealthy
EXIT=1
